[21-01-2026 10:26:20] CSRF_ALERT - Token=NULL session=NULL
[21-01-2026 10:26:26] LOGIN_SUCCESS - User Jean Cortés Lorca (42)
[21-01-2026 10:27:43] LOGIN_FAILURE - Intento con "117"
[21-01-2026 10:27:51] LOGIN_SUCCESS - User Hernan Ulloa (117)
[21-01-2026 10:28:03] LOGIN_SUCCESS - User Jean Cortés Lorca (42)
[21-01-2026 10:28:52] LOGIN_SUCCESS - User Hernan Ulloa (117)
[21-01-2026 10:29:00] LOGIN_SUCCESS - User root root (1)
[21-01-2026 10:29:17] LOGIN_SUCCESS - User Jean Cortés Lorca (42)
[21-01-2026 10:30:53] LOGIN_SUCCESS - User Jean Cortés Lorca (42)
[21-01-2026 12:31:34] LOGIN_SUCCESS - User Jean Cortés Lorca (42)
[21-01-2026 12:34:05] CSRF_ALERT - Token=NULL session=NULL
[21-01-2026 12:34:22] LOGIN_SUCCESS - User Jean Cortés Lorca (42)
[21-01-2026 12:35:18] CSRF_ALERT - Token=NULL session=NULL
[21-01-2026 12:35:25] LOGIN_SUCCESS - User Hernan Ulloa (117)
[21-01-2026 12:50:08] CSRF_ALERT - Token=NULL session=NULL
[21-01-2026 12:50:11] LOGIN_SUCCESS - User Hernan Ulloa (117)
[21-01-2026 14:27:37] CSRF_ALERT - Token=NULL session=NULL
[21-01-2026 14:27:40] LOGIN_SUCCESS - User Jean Cortés Lorca (42)
[21-01-2026 14:57:08] CSRF_ALERT - Token=NULL session=NULL
[21-01-2026 14:57:10] LOGIN_SUCCESS - User Hernan Ulloa (117)
[21-01-2026 15:13:56] CSRF_ALERT - Token=NULL session=NULL
[21-01-2026 15:13:58] LOGIN_SUCCESS - User Hernan Ulloa (117)
[21-01-2026 16:11:53] CSRF_ALERT - Token=NULL session=NULL
[21-01-2026 16:11:55] LOGIN_SUCCESS - User Hernan Ulloa (117)
[21-01-2026 16:20:26] CSRF_ALERT - Token=NULL session=NULL
[21-01-2026 16:20:31] LOGIN_SUCCESS - User Jean Cortés Lorca (42)
[21-01-2026 16:25:13] CSRF_ALERT - Token=NULL session=NULL
[21-01-2026 16:25:18] LOGIN_SUCCESS - User Hernan Ulloa (117)
[21-01-2026 16:32:08] CSRF_ALERT - Token=NULL session=NULL
[21-01-2026 16:40:41] LOGIN_SUCCESS - User Jean Cortés Lorca (42)
[22-01-2026 15:16:02] LOGIN_SUCCESS - User Jean Cortés Lorca (42)
[23-01-2026 15:38:47] LOGIN_SUCCESS - User Jean Cortés Lorca (42)
[24-01-2026 11:46:43] CSRF_ALERT - Token=NULL session=NULL
[24-01-2026 11:50:34] LOGIN_SUCCESS - User Hernan Ulloa (117)
[24-01-2026 14:00:05] CSRF_ALERT - Token=NULL session=NULL
[24-01-2026 14:00:08] LOGIN_SUCCESS - User Jean Cortés Lorca (42)
[26-01-2026 10:19:47] LOGIN_SUCCESS - User Jean Cortés Lorca (42)
[26-01-2026 10:34:52] CSRF_ALERT - Token=NULL session=NULL
[26-01-2026 10:34:55] LOGIN_SUCCESS - User Jean Cortés Lorca (42)
[26-01-2026 11:38:23] LOGIN_SUCCESS - User Jean Cortés Lorca (42)
[26-01-2026 11:39:06] LOGIN_SUCCESS - User Jean Cortés Lorca (42)
[26-01-2026 11:50:31] LOGIN_SUCCESS - User Hernan Ulloa (117)
[26-01-2026 11:58:11] CSRF_ALERT - Token=NULL session=NULL
[26-01-2026 11:58:16] LOGIN_SUCCESS - User Jean Cortés Lorca (42)
[28-01-2026 11:43:32] LOGIN_SUCCESS - User Jean Cortés Lorca (42)
[28-01-2026 16:26:31] LOGIN_SUCCESS - User Jean Cortés Lorca (42)
[30-01-2026 11:05:01] LOGIN_SUCCESS - User Jean Cortés Lorca (42)
[30-01-2026 17:03:03] LOGIN_SUCCESS - User Jean Cortés Lorca (42)
[31-01-2026 12:45:20] LOGIN_SUCCESS - User Jean Cortés Lorca (42)
[31-01-2026 12:56:32] CSRF_ALERT - Token=NULL session=NULL
[31-01-2026 12:56:36] LOGIN_SUCCESS - User Jean Cortés Lorca (42)
[31-01-2026 13:59:36] CSRF_ALERT - Token=NULL session=NULL
[31-01-2026 13:59:40] LOGIN_SUCCESS - User Jean Cortés Lorca (42)
[02-02-2026 10:16:34] LOGIN_SUCCESS - User Jean Cortés Lorca (42)
[02-02-2026 10:27:43] CSRF_ALERT - Token=NULL session=NULL
[02-02-2026 10:27:47] LOGIN_SUCCESS - User Jean Cortés Lorca (42)
[02-02-2026 10:44:39] CSRF_ALERT - Token=NULL session=NULL
[02-02-2026 10:44:48] LOGIN_SUCCESS - User Jean Cortés Lorca (42)
[02-02-2026 10:57:37] CSRF_ALERT - Token=NULL session=NULL
[02-02-2026 10:57:40] LOGIN_SUCCESS - User Jean Cortés Lorca (42)
[04-02-2026 08:45:12] LOGIN_SUCCESS - User Jean Cortés Lorca (42)
[04-02-2026 17:29:20] CSRF_ALERT - Token=NULL session=NULL
[04-02-2026 18:34:25] LOGIN_SUCCESS - User Jean Cortés Lorca (42)
[04-02-2026 18:34:26] LOGIN_SUCCESS - User Jean Cortés Lorca (42)
[04-02-2026 18:34:45] LOGIN_SUCCESS - User Jean Cortés Lorca (42)
[05-02-2026 17:01:39] LOGIN_SUCCESS - User Jean Cortés Lorca (42)
[09-02-2026 08:05:40] LOGIN_SUCCESS - User Jean Cortés Lorca (42)
[11-02-2026 11:20:00] LOGIN_SUCCESS - User Jean Cortés Lorca (42)
[11-02-2026 11:57:31] LOGIN_SUCCESS - User Hernan Ulloa (117)
[11-02-2026 12:01:25] LOGIN_SUCCESS - User Hernan Ulloa (117)
[11-02-2026 12:21:39] CSRF_ALERT - Token=NULL session=NULL
[11-02-2026 12:21:42] LOGIN_SUCCESS - User Hernan Ulloa (117)
[11-02-2026 14:39:51] CSRF_ALERT - Token=NULL session=NULL
[11-02-2026 14:39:53] LOGIN_SUCCESS - User Hernan Ulloa (117)
[11-02-2026 14:55:43] CSRF_ALERT - Token=NULL session=NULL
[11-02-2026 14:55:50] LOGIN_SUCCESS - User root root (1)
[11-02-2026 15:03:21] LOGIN_SUCCESS - User Camilo Urrutia (122)
[11-02-2026 15:09:20] LOGIN_SUCCESS - User Jean Cortés Lorca (42)
[11-02-2026 15:13:32] LOGIN_SUCCESS - User root root (1)
[11-02-2026 18:45:31] LOGIN_SUCCESS - User Jean Cortés Lorca (42)
[12-02-2026 08:06:27] LOGIN_SUCCESS - User Jean Cortés Lorca (42)
[12-02-2026 09:26:22] CSRF_ALERT - Token=NULL session=NULL
[12-02-2026 09:26:44] LOGIN_SUCCESS - User Camilo Urrutia (122)
[12-02-2026 17:28:08] LOGIN_SUCCESS - User Jean Cortés Lorca (42)
[13-02-2026 11:05:48] CSRF_ALERT - Token=NULL session=NULL
[13-02-2026 11:05:52] LOGIN_SUCCESS - User Camilo Urrutia (122)
[13-02-2026 15:15:25] CSRF_ALERT - Token=NULL session=NULL
[13-02-2026 15:15:27] LOGIN_SUCCESS - User Camilo Urrutia (122)
[13-02-2026 15:41:51] CSRF_ALERT - Token=NULL session=NULL
[13-02-2026 15:46:17] LOGIN_SUCCESS - User Camilo Urrutia (122)
[14-02-2026 17:24:42] CSRF_ALERT - Token=NULL session=NULL
[14-02-2026 17:24:45] LOGIN_SUCCESS - User Hernan Ulloa (117)
[17-02-2026 16:51:49] CSRF_ALERT - Token=NULL session=NULL
[19-02-2026 13:09:55] LOGIN_SUCCESS - User Jean Cortés Lorca (42)
[20-02-2026 15:35:03] CSRF_ALERT - Token=NULL session=NULL
[20-02-2026 15:35:05] LOGIN_SUCCESS - User Camilo Urrutia (122)
[21-02-2026 16:05:06] LOGIN_SUCCESS - User Jean Cortés Lorca (42)
[25-02-2026 08:48:15] CSRF_ALERT - Token=NULL session=NULL
[25-02-2026 08:48:24] LOGIN_SUCCESS - User Hernan Ulloa (117)
[28-02-2026 12:25:17] LOGIN_SUCCESS - User Jean Cortés Lorca (42)
[02-03-2026 16:04:36] LOGIN_SUCCESS - User Jean Cortés Lorca (42)
[16-03-2026 09:05:21] LOGIN_SUCCESS - User Jean Cortés Lorca (42)
[16-03-2026 09:08:46] LOGIN_SUCCESS - User Hernan Ulloa (117)
[16-03-2026 09:52:45] LOGIN_SUCCESS - User Camilo Urrutia (122)
[16-03-2026 09:59:51] CSRF_ALERT - Token=NULL session=NULL
[16-03-2026 09:59:55] LOGIN_SUCCESS - User Hernan Ulloa (117)
[16-03-2026 10:52:43] CSRF_ALERT - Token=NULL session=NULL
[16-03-2026 10:52:44] LOGIN_SUCCESS - User Hernan Ulloa (117)
[16-03-2026 11:16:00] CSRF_ALERT - Token=NULL session=NULL
[16-03-2026 11:16:02] LOGIN_SUCCESS - User Hernan Ulloa (117)
[16-03-2026 11:28:34] CSRF_ALERT - Token=NULL session=NULL
[16-03-2026 11:28:36] LOGIN_SUCCESS - User Hernan Ulloa (117)
[17-03-2026 08:13:57] LOGIN_SUCCESS - User Jean Cortés Lorca (42)
[17-03-2026 08:31:07] CSRF_ALERT - Token=NULL session=NULL
[17-03-2026 08:31:12] LOGIN_SUCCESS - User Jean Cortés Lorca (42)
[17-03-2026 09:09:21] CSRF_ALERT - Token=NULL session=NULL
[17-03-2026 09:09:24] LOGIN_SUCCESS - User Hernan Ulloa (117)
[17-03-2026 09:34:51] CSRF_ALERT - Token=NULL session=NULL
[17-03-2026 09:34:53] LOGIN_SUCCESS - User Camilo Urrutia (122)
[17-03-2026 10:21:44] CSRF_ALERT - Token=NULL session=NULL
[17-03-2026 10:21:47] LOGIN_SUCCESS - User Hernan Ulloa (117)
[17-03-2026 10:46:49] CSRF_ALERT - Token=NULL session=NULL
[17-03-2026 10:46:50] LOGIN_SUCCESS - User Hernan Ulloa (117)
[17-03-2026 10:46:50] LOGIN_SUCCESS - User Hernan Ulloa (117)
[17-03-2026 10:47:16] CSRF_ALERT - Token=NULL session=NULL
[17-03-2026 10:47:18] LOGIN_SUCCESS - User Camilo Urrutia (122)
[17-03-2026 11:56:26] CSRF_ALERT - Token=NULL session=NULL
[17-03-2026 11:56:28] LOGIN_SUCCESS - User Camilo Urrutia (122)
[17-03-2026 12:05:45] CSRF_ALERT - Token=NULL session=NULL
[17-03-2026 12:05:48] LOGIN_SUCCESS - User Hernan Ulloa (117)
[17-03-2026 12:30:29] CSRF_ALERT - Token=NULL session=NULL
[17-03-2026 12:30:32] LOGIN_SUCCESS - User Hernan Ulloa (117)
[17-03-2026 12:38:38] LOGIN_SUCCESS - User Jean Cortés Lorca (42)
[17-03-2026 13:54:18] CSRF_ALERT - Token=NULL session=NULL
[17-03-2026 13:54:19] LOGIN_SUCCESS - User Camilo Urrutia (122)
[17-03-2026 14:32:54] CSRF_ALERT - Token=NULL session=NULL
[17-03-2026 14:33:37] LOGIN_SUCCESS - User Hernan Ulloa (117)
[17-03-2026 14:52:56] CSRF_ALERT - Token=NULL session=NULL
[17-03-2026 14:52:58] LOGIN_SUCCESS - User Camilo Urrutia (122)
[17-03-2026 15:06:35] CSRF_ALERT - Token=NULL session=NULL
[17-03-2026 15:06:39] LOGIN_SUCCESS - User Hernan Ulloa (117)
[18-03-2026 08:13:40] LOGIN_SUCCESS - User Jean Cortés Lorca (42)
[18-03-2026 09:41:59] CSRF_ALERT - Token=NULL session=NULL
[18-03-2026 09:42:02] LOGIN_SUCCESS - User Hernan Ulloa (117)
[18-03-2026 10:01:55] CSRF_ALERT - Token=NULL session=NULL
[18-03-2026 10:01:57] LOGIN_SUCCESS - User Hernan Ulloa (117)
[18-03-2026 12:29:51] LOGIN_SUCCESS - User Hernan Ulloa (117)
[18-03-2026 12:57:21] CSRF_ALERT - Token=NULL session=NULL
[18-03-2026 12:57:27] LOGIN_SUCCESS - User Hernan Ulloa (117)
[18-03-2026 14:44:58] CSRF_ALERT - Token=NULL session=NULL
[18-03-2026 14:47:25] LOGIN_SUCCESS - User Hernan Ulloa (117)
[18-03-2026 15:10:33] CSRF_ALERT - Token=NULL session=NULL
[18-03-2026 15:10:35] LOGIN_SUCCESS - User Camilo Urrutia (122)
[18-03-2026 16:42:05] CSRF_ALERT - Token=NULL session=NULL
[18-03-2026 16:42:07] LOGIN_SUCCESS - User Camilo Urrutia (122)
[19-03-2026 08:05:31] CSRF_ALERT - Token=NULL session=NULL
[19-03-2026 08:05:33] LOGIN_SUCCESS - User Camilo Urrutia (122)
[19-03-2026 08:33:18] CSRF_ALERT - Token=NULL session=NULL
[19-03-2026 08:35:09] LOGIN_SUCCESS - User Camilo Urrutia (122)
[19-03-2026 08:55:40] CSRF_ALERT - Token=NULL session=NULL
[19-03-2026 08:55:42] LOGIN_SUCCESS - User Camilo Urrutia (122)
[19-03-2026 08:56:07] LOGIN_SUCCESS - User Camilo Urrutia (122)
[19-03-2026 10:06:09] CSRF_ALERT - Token=NULL session=NULL
[19-03-2026 10:46:02] LOGIN_SUCCESS - User Camilo Urrutia (122)
[19-03-2026 14:34:27] CSRF_ALERT - Token=NULL session=NULL
[19-03-2026 15:54:48] CSRF_ALERT - Token=NULL session=NULL
[19-03-2026 15:54:50] LOGIN_SUCCESS - User Camilo Urrutia (122)
[20-03-2026 12:39:33] LOGIN_SUCCESS - User Hernan Ulloa (117)
[20-03-2026 16:26:53] CSRF_ALERT - Token=NULL session=NULL
[20-03-2026 16:27:27] LOGIN_SUCCESS - User Hernan Ulloa (117)
[23-03-2026 09:26:25] CSRF_ALERT - Token=NULL session=NULL
[23-03-2026 11:22:53] CSRF_ALERT - Token=NULL session=NULL
[24-03-2026 09:35:19] LOGIN_SUCCESS - User Jean Cortés Lorca (42)
[26-03-2026 08:16:29] CSRF_ALERT - Token=NULL session=NULL
[30-03-2026 08:00:25] LOGIN_SUCCESS - User Camilo Urrutia (122)
[30-03-2026 08:28:21] CSRF_ALERT - Token=NULL session=NULL
[30-03-2026 08:28:23] LOGIN_SUCCESS - User Camilo Urrutia (122)
[30-03-2026 16:12:51] CSRF_ALERT - Token=NULL session=NULL
[30-03-2026 16:39:22] LOGIN_SUCCESS - User Camilo Urrutia (122)
[30-03-2026 16:51:47] LOGIN_SUCCESS - User Camilo Urrutia (122)
[01-04-2026 08:18:02] CSRF_ALERT - Token=NULL session=NULL
[01-04-2026 08:53:00] LOGIN_SUCCESS - User Camilo Urrutia (122)
[01-04-2026 18:03:27] CSRF_ALERT - Token=NULL session=NULL
[02-04-2026 09:05:16] LOGIN_SUCCESS - User Jean Cortés Lorca (42)
[02-04-2026 09:52:29] LOGIN_SUCCESS - User Camilo Urrutia (122)
[04-04-2026 17:10:32] LOGIN_SUCCESS - User Jean Cortés Lorca (42)
[06-04-2026 08:00:07] CSRF_ALERT - Token=NULL session=NULL
[06-04-2026 10:28:46] LOGIN_SUCCESS - User Camilo Urrutia (122)
[06-04-2026 17:00:29] LOGIN_SUCCESS - User Jean Cortés Lorca (42)
[07-04-2026 07:54:00] CSRF_ALERT - Token=NULL session=NULL
[08-04-2026 08:50:33] CSRF_ALERT - Token=NULL session=NULL
[08-04-2026 08:50:36] LOGIN_SUCCESS - User Camilo Urrutia (122)
[08-04-2026 10:12:22] CSRF_ALERT - Token=NULL session=NULL
[08-04-2026 10:12:24] LOGIN_SUCCESS - User Camilo Urrutia (122)
[08-04-2026 14:58:06] CSRF_ALERT - Token=NULL session=NULL
[09-04-2026 08:22:55] LOGIN_SUCCESS - User Camilo Urrutia (122)
[09-04-2026 08:50:34] LOGIN_SUCCESS - User Hernan Ulloa (117)
[10-04-2026 12:00:08] CSRF_ALERT - Token=NULL session=NULL
[11-04-2026 18:33:41] LOGIN_SUCCESS - User Jean Cortés Lorca (42)
[11-04-2026 19:57:03] LOGIN_SUCCESS - User Camilo Urrutia (122)
[13-04-2026 14:51:57] CSRF_ALERT - Token=NULL session=NULL
[13-04-2026 14:52:00] LOGIN_SUCCESS - User Camilo Urrutia (122)
[13-04-2026 16:07:34] LOGIN_SUCCESS - User Camilo Urrutia (122)
[13-04-2026 16:41:58] CSRF_ALERT - Token=NULL session=NULL
[13-04-2026 16:41:59] LOGIN_SUCCESS - User Camilo Urrutia (122)
[13-04-2026 17:37:54] CSRF_ALERT - Token=NULL session=NULL
[13-04-2026 17:37:56] LOGIN_SUCCESS - User Camilo Urrutia (122)
[14-04-2026 13:29:20] CSRF_ALERT - Token=NULL session=NULL
[14-04-2026 15:18:27] LOGIN_SUCCESS - User Camilo Urrutia (122)
[14-04-2026 16:14:18] CSRF_ALERT - Token=NULL session=NULL
[16-04-2026 08:02:45] LOGIN_FAILURE - Intento con ""
[16-04-2026 08:02:52] LOGIN_SUCCESS - User Hernan Ulloa (117)
[16-04-2026 08:18:38] CSRF_ALERT - Token=NULL session=NULL
[16-04-2026 08:18:40] LOGIN_SUCCESS - User Hernan Ulloa (117)
[16-04-2026 08:51:35] CSRF_ALERT - Token=NULL session=NULL
[16-04-2026 08:52:06] LOGIN_SUCCESS - User Hernan Ulloa (117)
[17-04-2026 13:20:24] LOGIN_SUCCESS - User Camilo Urrutia (122)
[22-04-2026 11:20:51] LOGIN_SUCCESS - User Jean Cortés Lorca (42)
[23-04-2026 11:44:16] CSRF_ALERT - Token=NULL session=NULL
[23-04-2026 11:44:23] LOGIN_SUCCESS - User Hernan Ulloa (117)
[23-04-2026 12:50:33] CSRF_ALERT - Token=NULL session=NULL
[23-04-2026 12:50:34] LOGIN_SUCCESS - User Hernan Ulloa (117)
[28-04-2026 10:02:05] CSRF_ALERT - Token=NULL session=NULL
[28-04-2026 10:02:08] LOGIN_SUCCESS - User Hernan Ulloa (117)
[30-04-2026 17:25:23] LOGIN_SUCCESS - User Camilo Urrutia (122)
[04-05-2026 11:43:16] LOGIN_SUCCESS - User Jean Cortés Lorca (42)
[05-05-2026 16:08:52] LOGIN_SUCCESS - User Hernan Ulloa (117)
[07-05-2026 08:38:18] CSRF_ALERT - Token=NULL session=NULL
[07-05-2026 08:38:20] LOGIN_SUCCESS - User Camilo Urrutia (122)
[07-05-2026 09:45:26] CSRF_ALERT - Token=NULL session=NULL
[07-05-2026 10:04:05] CSRF_ALERT - Token=NULL session=NULL
[07-05-2026 10:04:08] LOGIN_SUCCESS - User Camilo Urrutia (122)
[07-05-2026 12:18:30] LOGIN_FAILURE - Intento con ""
[07-05-2026 12:18:33] LOGIN_SUCCESS - User Hernan Ulloa (117)
[07-05-2026 12:20:33] CSRF_ALERT - Token=NULL session=NULL
[07-05-2026 12:20:34] LOGIN_SUCCESS - User Camilo Urrutia (122)
[08-05-2026 09:16:15] CSRF_ALERT - Token=NULL session=NULL
[08-05-2026 09:16:17] LOGIN_SUCCESS - User Hernan Ulloa (117)
[09-05-2026 09:43:24] LOGIN_SUCCESS - User Jean Cortés Lorca (42)
[10-05-2026 16:58:21] LOGIN_SUCCESS - User Jean Cortés Lorca (42)
[10-05-2026 20:44:06] CSRF_ALERT - Token=NULL session=NULL
[10-05-2026 20:44:11] LOGIN_SUCCESS - User Jean Cortés Lorca (42)
[10-05-2026 21:57:47] CSRF_ALERT - Token=NULL session=NULL
[10-05-2026 21:57:52] LOGIN_SUCCESS - User Jean Cortés Lorca (42)
[11-05-2026 07:47:49] LOGIN_SUCCESS - User Jean Cortés Lorca (42)
[11-05-2026 08:24:00] CSRF_ALERT - Token=NULL session=NULL
[11-05-2026 08:24:03] LOGIN_SUCCESS - User Jean Cortés Lorca (42)
[11-05-2026 09:22:27] LOGIN_SUCCESS - User Jean Cortés Lorca (42)
[11-05-2026 09:24:38] LOGIN_SUCCESS - User root root (1)
[11-05-2026 11:03:11] LOGIN_SUCCESS - User Jean Cortés Lorca (42)
[11-05-2026 14:09:30] LOGIN_SUCCESS - User Jean Cortés Lorca (42)
[12-05-2026 10:48:39] LOGIN_SUCCESS - User Jean Cortés Lorca (42)
[12-05-2026 11:16:24] LOGIN_SUCCESS - User Jean Cortés Lorca (42)
[12-05-2026 12:26:08] SESSION_TIMEOUT - Sesión expirada por inactividad
[12-05-2026 12:26:11] LOGIN_SUCCESS - User Jean Cortés Lorca (42)
[12-05-2026 13:31:29] MAINTENANCE_ENABLED - Usuario=Jean Cortés Lorca; inicio=12-05-2026 13:31:29; termino=12-05-2026 13:31
[12-05-2026 13:39:43] MAINTENANCE_DISABLED - Usuario=Jean Cortés Lorca; inicio=12-05-2026 13:31:29; termino_configurado=12-05-2026 13:31
[12-05-2026 13:39:49] MAINTENANCE_ENABLED - Usuario=Jean Cortés Lorca; inicio=12-05-2026 13:39:49; termino=12-05-2026 16:39
[12-05-2026 13:46:49] MAINTENANCE_DISABLED - Usuario=Jean Cortés Lorca; inicio=12-05-2026 13:39:49; termino_configurado=12-05-2026 16:39
